// Jest Snapshot v1, https://goo.gl/fbAQLP

exports[`components/feature_discovery FeatureDiscovery should match snapshot 1`] = `
<div
  className="FeatureDiscovery"
>
  <div
    className="FeatureDiscovery_copyWrapper"
  >
    <div
      className="FeatureDiscovery_title"
      data-testid="featureDiscovery_title"
    >
      <FormattedMessage
        defaultMessage="Foo"
        id="translation.test.title"
        values={Object {}}
      />
    </div>
    <div
      className="FeatureDiscovery_copy"
    >
      <FormattedMessage
        defaultMessage="Bar"
        id="translation.test.copy"
        values={Object {}}
      />
    </div>
    <button
      className="btn btn-primary"
      data-testid="featureDiscovery_primaryCallToAction"
      disabled={true}
      onClick={[Function]}
    >
      <LoadingWrapper
        loading={false}
        text="Getting trial"
      >
        <FormattedMessage
          defaultMessage="Start trial"
          id="admin.ldap_feature_discovery.call_to_action.primary"
          values={Object {}}
        />
      </LoadingWrapper>
    </button>
    <a
      className="btn btn-secondary"
      data-testid="featureDiscovery_secondaryCallToAction"
      href="https://test.mattermost.com/secondary/"
      rel="noopener noreferrer"
      target="_blank"
    >
      <FormattedMessage
        defaultMessage="Learn more"
        id="admin.ldap_feature_discovery.call_to_action.secondary"
        values={Object {}}
      />
    </a>
    <p
      className="trial-checkbox"
    >
      <input
        checked={false}
        id="accept-terms"
        onChange={[Function]}
        type="checkbox"
      />
      <label
        htmlFor="accept-terms"
      >
        <injectIntl(FormattedMarkdownMessage)
          defaultMessage="I have read and agree to the [Mattermost Software Evaluation Agreement](!https://mattermost.com/software-evaluation-agreement/) and [Privacy Policy](!https://mattermost.com/privacy-policy/)."
          id="admin.license.trial-request.accept-terms"
        />
      </label>
    </p>
    <p
      className="trial-checkbox"
    >
      <input
        checked={false}
        id="accept-receive-emails"
        onChange={[Function]}
        type="checkbox"
      />
      <label
        htmlFor="accept-receive-emails"
      >
        <injectIntl(FormattedMarkdownMessage)
          defaultMessage="By checking this box, I consent to receive emails from Mattermost with product updates, promotions, and company news. I have read the [Privacy Policy](!https://mattermost.com/privacy-policy/) and understand that I can unsubscribe at any time."
          id="admin.license.trial-request.accept-receive-emails"
        />
      </label>
    </p>
  </div>
  <div
    className="FeatureDiscovery_imageWrapper"
  >
    <img
      alt="Feature Discovery Image"
      className="FeatureDiscovery_image"
      src="foo/bar.png"
    />
  </div>
</div>
`;
