// Jest Snapshot v1, https://goo.gl/fbAQLP

exports[`components/admin_console/permission_schemes_settings/permission_schemes_settings should match snapshot on render 1`] = `
<div
  className="wrapper--fixed"
>
  <h3
    className="admin-console-header"
  >
    <FormattedMessage
      defaultMessage="Permission Schemes"
      id="admin.permissions.permissionSchemes"
      values={Object {}}
    />
  </h3>
  <div
    className="banner info"
  >
    <div
      className="banner__content"
    >
      <span>
        <FormattedMessage
          defaultMessage="Permission Schemes set the default permissions for Team Admins, Channel Admins and everyone else. Learn more about permission schemes in our documentation."
          id="admin.permissions.introBanner"
          values={Object {}}
        />
      </span>
    </div>
  </div>
  <div
    className="permissions-block"
  >
    <div
      className="header"
    >
      <div>
        <h3>
          <FormattedMessage
            defaultMessage="System Scheme"
            id="admin.permissions.systemSchemeBannerTitle"
            values={Object {}}
          />
        </h3>
        <span>
          <FormattedMessage
            defaultMessage="Set the default permissions inherited by all teams unless a Team Override Scheme is applied."
            id="admin.permissions.systemSchemeBannerText"
            values={Object {}}
          />
        </span>
      </div>
      <div
        className="button"
      >
        <Link
          className="btn btn-primary"
          replace={false}
          to="/admin_console/permissions/system-scheme"
        >
          <FormattedMessage
            defaultMessage="Edit Scheme"
            id="admin.permissions.systemSchemeBannerButton"
            values={Object {}}
          />
        </Link>
      </div>
    </div>
  </div>
</div>
`;
